Using vips to process variants requires the libvips library. Please install libvips using the instructions on the libvips website.
Using vips to process variants requires the libvips library. Please install libvips using the instructions on the libvips website.
Using vips to process variants requires the libvips library. Please install libvips using the instructions on the libvips website.
Using vips to process variants requires the libvips library. Please install libvips using the instructions on the libvips website.
Using vips to process variants requires the libvips library. Please install libvips using the instructions on the libvips website.
Started GET "/api/v1/hello" for ::1 at 2026-08-25 22:03:31 +0200
  [1m[35m (0.3ms)[0m  [1m[35mCREATE TABLE "schema_migrations" ("version" varchar NOT NULL PRIMARY KEY) /*application='HelloApi'*/[0m
  [1m[35m (0.8ms)[0m  [1m[35mCREATE TABLE "ar_internal_metadata" ("key" varchar NOT NULL PRIMARY KEY, "value" varchar, "created_at" datetime(6) NOT NULL, "updated_at" datetime(6) NOT NULL) /*application='HelloApi'*/[0m
  [1m[36mActiveRecord::SchemaMigration Load (0.1ms)[0m  [1m[34mSELECT "schema_migrations"."version" FROM "schema_migrations" ORDER BY "schema_migrations"."version" ASC /*application='HelloApi'*/[0m
Processing by Api::V1::HelloController#index as HTML
Completed 200 OK in 6ms (Views: 0.1ms | ActiveRecord: 0.0ms (0 queries, 0 cached) | GC: 0.0ms)


Started GET "/favicon.ico" for ::1 at 2026-08-25 22:03:31 +0200
  
ActionController::RoutingError (No route matches [GET] "/favicon.ico"):
  
Using vips to process variants requires the libvips library. Please install libvips using the instructions on the libvips website.
Using vips to process variants requires the libvips library. Please install libvips using the instructions on the libvips website.
Using vips to process variants requires the libvips library. Please install libvips using the instructions on the libvips website.
Using vips to process variants requires the libvips library. Please install libvips using the instructions on the libvips website.
  [1m[35mSQL (0.4ms)[0m  [1m[35mSET search_path TO public /*application='HelloApi'*/[0m
  [1m[35m (243.8ms)[0m  [1m[35mCREATE DATABASE "hello_api_development" ENCODING = 'unicode' /*application='HelloApi'*/[0m
  [1m[35mSQL (0.0ms)[0m  [1m[35mSET search_path TO public /*application='HelloApi'*/[0m
  [1m[35m (34.2ms)[0m  [1m[35mCREATE DATABASE "hello_api_test" ENCODING = 'unicode' /*application='HelloApi'*/[0m
Using vips to process variants requires the libvips library. Please install libvips using the instructions on the libvips website.
Using vips to process variants requires the libvips library. Please install libvips using the instructions on the libvips website.
Using vips to process variants requires the libvips library. Please install libvips using the instructions on the libvips website.
Using vips to process variants requires the libvips library. Please install libvips using the instructions on the libvips website.
Using vips to process variants requires the libvips library. Please install libvips using the instructions on the libvips website.
Using vips to process variants requires the libvips library. Please install libvips using the instructions on the libvips website.
Using vips to process variants requires the libvips library. Please install libvips using the instructions on the libvips website.
  [1m[35m (14.1ms)[0m  [1m[35mCREATE TABLE "schema_migrations" ("version" character varying NOT NULL PRIMARY KEY) /*application='HelloApi'*/[0m
  [1m[35m (3.4ms)[0m  [1m[35mCREATE TABLE "ar_internal_metadata" ("key" character varying NOT NULL PRIMARY KEY, "value" character varying, "created_at" timestamp(6) NOT NULL, "updated_at" timestamp(6) NOT NULL) /*application='HelloApi'*/[0m
  [1m[35m (0.1ms)[0m  [1m[34mSELECT pg_try_advisory_lock(8733542974516067085) /*application='HelloApi'*/[0m
  [1m[36mActiveRecord::SchemaMigration Load (0.5ms)[0m  [1m[34mSELECT "schema_migrations"."version" FROM "schema_migrations" ORDER BY "schema_migrations"."version" ASC /*application='HelloApi'*/[0m
  [1m[36mActiveRecord::InternalMetadata Load (2.4ms)[0m  [1m[34mSELECT * FROM "ar_internal_metadata" WHERE "ar_internal_metadata"."key" = 'environment' ORDER BY "ar_internal_metadata"."key" ASC LIMIT 1 /*application='HelloApi'*/[0m
  [1m[36mActiveRecord::InternalMetadata Create (2.8ms)[0m  [1m[32mINSERT INTO "ar_internal_metadata" ("key", "value", "created_at", "updated_at") VALUES ('environment', 'development', '2026-08-25 20:06:45.433246', '2026-08-25 20:06:45.433249') RETURNING "key" /*application='HelloApi'*/[0m
Migrating to CreateUsers (20260825200544)
  [1m[36mTRANSACTION (0.1ms)[0m  [1m[35mBEGIN /*application='HelloApi'*/[0m
  [1m[35m (5.7ms)[0m  [1m[35mCREATE TABLE "users" ("id" bigserial primary key, "name" character varying, "email" character varying, "created_at" timestamp(6) NOT NULL, "updated_at" timestamp(6) NOT NULL) /*application='HelloApi'*/[0m
  [1m[36mActiveRecord::SchemaMigration Create (0.3ms)[0m  [1m[32mINSERT INTO "schema_migrations" ("version") VALUES ('20260825200544') RETURNING "version" /*application='HelloApi'*/[0m
  [1m[36mTRANSACTION (0.4ms)[0m  [1m[35mCOMMIT /*application='HelloApi'*/[0m
Migrating to CreateCategories (20260825200545)
  [1m[36mTRANSACTION (0.2ms)[0m  [1m[35mBEGIN /*application='HelloApi'*/[0m
  [1m[35m (4.2ms)[0m  [1m[35mCREATE TABLE "categories" ("id" bigserial primary key, "name" character varying, "created_at" timestamp(6) NOT NULL, "updated_at" timestamp(6) NOT NULL) /*application='HelloApi'*/[0m
  [1m[36mActiveRecord::SchemaMigration Create (0.1ms)[0m  [1m[32mINSERT INTO "schema_migrations" ("version") VALUES ('20260825200545') RETURNING "version" /*application='HelloApi'*/[0m
  [1m[36mTRANSACTION (0.2ms)[0m  [1m[35mCOMMIT /*application='HelloApi'*/[0m
Migrating to CreatePosts (20260825200546)
  [1m[36mTRANSACTION (0.2ms)[0m  [1m[35mBEGIN /*application='HelloApi'*/[0m
  [1m[35m (6.1ms)[0m  [1m[35mCREATE TABLE "posts" ("id" bigserial primary key, "title" character varying, "body" text, "user_id" bigint NOT NULL, "category_id" bigint NOT NULL, "created_at" timestamp(6) NOT NULL, "updated_at" timestamp(6) NOT NULL, CONSTRAINT "fk_rails_5b5ddfd518"
FOREIGN KEY ("user_id")
  REFERENCES "users" ("id")
, CONSTRAINT "fk_rails_9b1b26f040"
FOREIGN KEY ("category_id")
  REFERENCES "categories" ("id")
) /*application='HelloApi'*/[0m
  [1m[35m (0.5ms)[0m  [1m[35mCREATE INDEX "index_posts_on_user_id" ON "posts" ("user_id") /*application='HelloApi'*/[0m
  [1m[35m (0.5ms)[0m  [1m[35mCREATE INDEX "index_posts_on_category_id" ON "posts" ("category_id") /*application='HelloApi'*/[0m
  [1m[36mActiveRecord::SchemaMigration Create (0.1ms)[0m  [1m[32mINSERT INTO "schema_migrations" ("version") VALUES ('20260825200546') RETURNING "version" /*application='HelloApi'*/[0m
  [1m[36mTRANSACTION (0.2ms)[0m  [1m[35mCOMMIT /*application='HelloApi'*/[0m
  [1m[35m (0.3ms)[0m  [1m[34mSELECT pg_advisory_unlock(8733542974516067085) /*application='HelloApi'*/[0m
  [1m[36mActiveRecord::SchemaMigration Load (0.1ms)[0m  [1m[34mSELECT "schema_migrations"."version" FROM "schema_migrations" ORDER BY "schema_migrations"."version" ASC /*application='HelloApi'*/[0m
  [1m[35mSQL (0.1ms)[0m  [1m[35mSET search_path TO public /*application='HelloApi'*/[0m
  [1m[35mSQL (0.1ms)[0m  [1m[35mSET search_path TO "$user", public /*application='HelloApi'*/[0m
  [1m[35mSQL (0.0ms)[0m  [1m[35mSET search_path TO public /*application='HelloApi'*/[0m
  [1m[35mSQL (0.1ms)[0m  [1m[35mSET search_path TO "$user", public /*application='HelloApi'*/[0m
Using vips to process variants requires the libvips library. Please install libvips using the instructions on the libvips website.
Using vips to process variants requires the libvips library. Please install libvips using the instructions on the libvips website.
Started POST "/api/v1/categories" for ::1 at 2026-08-25 22:12:32 +0200
  [1m[36mActiveRecord::SchemaMigration Load (0.6ms)[0m  [1m[34mSELECT "schema_migrations"."version" FROM "schema_migrations" ORDER BY "schema_migrations"."version" ASC /*application='HelloApi'*/[0m
Processing by Api::V1::CategoriesController#create as HTML
  Parameters: {"category" => {"name" => "Web development"}}
  [1m[36mTRANSACTION (0.1ms)[0m  [1m[35mBEGIN /*action='create',application='HelloApi',controller='categories'*/[0m
  ↳ app/controllers/api/v1/categories_controller.rb:15:in 'Api::V1::CategoriesController#create'
  [1m[36mCategory Exists? (1.4ms)[0m  [1m[34mSELECT 1 AS one FROM "categories" WHERE "categories"."name" = 'Web development' LIMIT 1 /*action='create',application='HelloApi',controller='categories'*/[0m
  ↳ app/controllers/api/v1/categories_controller.rb:15:in 'Api::V1::CategoriesController#create'
  [1m[36mCategory Create (0.6ms)[0m  [1m[32mINSERT INTO "categories" ("name", "created_at", "updated_at") VALUES ('Web development', '2026-08-25 20:12:32.959671', '2026-08-25 20:12:32.959671') RETURNING "id" /*action='create',application='HelloApi',controller='categories'*/[0m
  ↳ app/controllers/api/v1/categories_controller.rb:15:in 'Api::V1::CategoriesController#create'
  [1m[36mTRANSACTION (0.5ms)[0m  [1m[35mCOMMIT /*action='create',application='HelloApi',controller='categories'*/[0m
  ↳ app/controllers/api/v1/categories_controller.rb:15:in 'Api::V1::CategoriesController#create'
Completed 201 Created in 29ms (Views: 0.2ms | ActiveRecord: 11.7ms (2 queries, 0 cached) | GC: 0.0ms)


Started GET "/api/v1/categories" for ::1 at 2026-08-25 22:12:32 +0200
Processing by Api::V1::CategoriesController#index as HTML
  [1m[36mCategory Load (0.2ms)[0m  [1m[34mSELECT "categories".* FROM "categories" /*action='index',application='HelloApi',controller='categories'*/[0m
  ↳ app/controllers/api/v1/categories_controller.rb:6:in 'Api::V1::CategoriesController#index'
Completed 200 OK in 1ms (Views: 0.6ms | ActiveRecord: 0.2ms (1 query, 0 cached) | GC: 0.0ms)


Started GET "/api/v1/posts" for ::1 at 2026-08-25 22:12:38 +0200
Processing by Api::V1::PostsController#index as HTML
  [1m[36mPost Load (1.4ms)[0m  [1m[34mSELECT "posts".* FROM "posts" /*action='index',application='HelloApi',controller='posts'*/[0m
  ↳ app/controllers/api/v1/posts_controller.rb:6:in 'Api::V1::PostsController#index'
Completed 200 OK in 18ms (Views: 6.8ms | ActiveRecord: 1.4ms (1 query, 0 cached) | GC: 0.0ms)


Started GET "/api/v1/users" for ::1 at 2026-08-25 22:12:40 +0200
Processing by Api::V1::UsersController#index as HTML
Started GET "/api/v1/categories" for ::1 at 2026-08-25 22:12:40 +0200
  [1m[36mUser Load (1.3ms)[0m  [1m[34mSELECT "users".* FROM "users" /*action='index',application='HelloApi',controller='users'*/[0m
  ↳ app/controllers/api/v1/users_controller.rb:6:in 'Api::V1::UsersController#index'
Completed 200 OK in 7ms (Views: 2.1ms | ActiveRecord: 1.3ms (1 query, 0 cached) | GC: 0.0ms)


Processing by Api::V1::CategoriesController#index as HTML
  [1m[36mCategory Load (0.4ms)[0m  [1m[34mSELECT "categories".* FROM "categories" /*action='index',application='HelloApi',controller='categories'*/[0m
  ↳ app/controllers/api/v1/categories_controller.rb:6:in 'Api::V1::CategoriesController#index'
Completed 200 OK in 3ms (Views: 2.1ms | ActiveRecord: 0.3ms (1 query, 0 cached) | GC: 0.0ms)


Started GET "/api/v1/users" for ::1 at 2026-08-25 22:12:51 +0200
Processing by Api::V1::UsersController#index as HTML
  [1m[36mUser Load (0.3ms)[0m  [1m[34mSELECT "users".* FROM "users" /*action='index',application='HelloApi',controller='users'*/[0m
  ↳ app/controllers/api/v1/users_controller.rb:6:in 'Api::V1::UsersController#index'
Completed 200 OK in 2ms (Views: 1.6ms | ActiveRecord: 0.3ms (1 query, 0 cached) | GC: 0.0ms)


Started POST "/api/v1/users" for ::1 at 2026-08-25 22:12:59 +0200
Processing by Api::V1::UsersController#create as HTML
  Parameters: {"user" => {"name" => "nilmadhab", "email" => "[FILTERED]"}}
  [1m[36mTRANSACTION (0.3ms)[0m  [1m[35mBEGIN /*action='create',application='HelloApi',controller='users'*/[0m
  ↳ app/controllers/api/v1/users_controller.rb:15:in 'Api::V1::UsersController#create'
  [1m[36mUser Exists? (3.2ms)[0m  [1m[34mSELECT 1 AS one FROM "users" WHERE "users"."email" = 'nilmadhab1994@gmail.com' LIMIT 1 /*action='create',application='HelloApi',controller='users'*/[0m
  ↳ app/controllers/api/v1/users_controller.rb:15:in 'Api::V1::UsersController#create'
  [1m[36mUser Create (1.2ms)[0m  [1m[32mINSERT INTO "users" ("name", "email", "created_at", "updated_at") VALUES ('nilmadhab', 'nilmadhab1994@gmail.com', '2026-08-25 20:12:59.429625', '2026-08-25 20:12:59.429625') RETURNING "id" /*action='create',application='HelloApi',controller='users'*/[0m
  ↳ app/controllers/api/v1/users_controller.rb:15:in 'Api::V1::UsersController#create'
  [1m[36mTRANSACTION (0.3ms)[0m  [1m[35mCOMMIT /*action='create',application='HelloApi',controller='users'*/[0m
  ↳ app/controllers/api/v1/users_controller.rb:15:in 'Api::V1::UsersController#create'
Completed 201 Created in 20ms (Views: 0.5ms | ActiveRecord: 7.6ms (2 queries, 0 cached) | GC: 0.0ms)


Started GET "/api/v1/users" for ::1 at 2026-08-25 22:12:59 +0200
Processing by Api::V1::UsersController#index as HTML
  [1m[36mUser Load (0.5ms)[0m  [1m[34mSELECT "users".* FROM "users" /*action='index',application='HelloApi',controller='users'*/[0m
  ↳ app/controllers/api/v1/users_controller.rb:6:in 'Api::V1::UsersController#index'
Completed 200 OK in 3ms (Views: 2.5ms | ActiveRecord: 0.5ms (1 query, 0 cached) | GC: 0.0ms)


Started GET "/api/v1/posts" for ::1 at 2026-08-25 22:13:00 +0200
Processing by Api::V1::PostsController#index as HTML
  [1m[36mPost Load (0.5ms)[0m  [1m[34mSELECT "posts".* FROM "posts" /*action='index',application='HelloApi',controller='posts'*/[0m
  ↳ app/controllers/api/v1/posts_controller.rb:6:in 'Api::V1::PostsController#index'
Completed 200 OK in 3ms (Views: 2.5ms | ActiveRecord: 0.5ms (1 query, 0 cached) | GC: 0.0ms)


Started GET "/api/v1/users" for ::1 at 2026-08-25 22:13:01 +0200
Started GET "/api/v1/categories" for ::1 at 2026-08-25 22:13:01 +0200
Processing by Api::V1::UsersController#index as HTML
Processing by Api::V1::CategoriesController#index as HTML
  [1m[36mUser Load (2.0ms)[0m  [1m[34mSELECT "users".* FROM "users" /*action='index',application='HelloApi',controller='users'*/[0m
  ↳ app/controllers/api/v1/users_controller.rb:6:in 'Api::V1::UsersController#index'
Completed 200 OK in 5ms (Views: 2.7ms | ActiveRecord: 1.9ms (1 query, 0 cached) | GC: 0.0ms)


  [1m[36mCategory Load (16.4ms)[0m  [1m[34mSELECT "categories".* FROM "categories" /*action='index',application='HelloApi',controller='categories'*/[0m
  ↳ app/controllers/api/v1/categories_controller.rb:6:in 'Api::V1::CategoriesController#index'
Completed 200 OK in 19ms (Views: -3.9ms | ActiveRecord: 22.6ms (1 query, 0 cached) | GC: 0.0ms)


Started POST "/api/v1/posts" for ::1 at 2026-08-25 22:13:15 +0200
Processing by Api::V1::PostsController#create as HTML
  Parameters: {"post" => {"title" => "It is fun", "body" => "I love it so much ", "user_id" => 1, "category_id" => 1}}
  [1m[36mTRANSACTION (0.2ms)[0m  [1m[35mBEGIN /*action='create',application='HelloApi',controller='posts'*/[0m
  ↳ app/controllers/api/v1/posts_controller.rb:15:in 'Api::V1::PostsController#create'
  [1m[36mUser Load (2.1ms)[0m  [1m[34mSELECT "users".* FROM "users" WHERE "users"."id" = 1 LIMIT 1 /*action='create',application='HelloApi',controller='posts'*/[0m
  ↳ app/controllers/api/v1/posts_controller.rb:15:in 'Api::V1::PostsController#create'
  [1m[36mCategory Load (0.3ms)[0m  [1m[34mSELECT "categories".* FROM "categories" WHERE "categories"."id" = 1 LIMIT 1 /*action='create',application='HelloApi',controller='posts'*/[0m
  ↳ app/controllers/api/v1/posts_controller.rb:15:in 'Api::V1::PostsController#create'
  [1m[36mPost Create (3.6ms)[0m  [1m[32mINSERT INTO "posts" ("title", "body", "user_id", "category_id", "created_at", "updated_at") VALUES ('It is fun', 'I love it so much ', 1, 1, '2026-08-25 20:13:15.212043', '2026-08-25 20:13:15.212043') RETURNING "id" /*action='create',application='HelloApi',controller='posts'*/[0m
  ↳ app/controllers/api/v1/posts_controller.rb:15:in 'Api::V1::PostsController#create'
  [1m[36mTRANSACTION (0.6ms)[0m  [1m[35mCOMMIT /*action='create',application='HelloApi',controller='posts'*/[0m
  ↳ app/controllers/api/v1/posts_controller.rb:15:in 'Api::V1::PostsController#create'
Completed 201 Created in 48ms (Views: 0.4ms | ActiveRecord: 12.8ms (3 queries, 0 cached) | GC: 0.0ms)


Started GET "/api/v1/posts" for ::1 at 2026-08-25 22:13:15 +0200
Processing by Api::V1::PostsController#index as HTML
  [1m[36mPost Load (0.6ms)[0m  [1m[34mSELECT "posts".* FROM "posts" /*action='index',application='HelloApi',controller='posts'*/[0m
  ↳ app/controllers/api/v1/posts_controller.rb:6:in 'Api::V1::PostsController#index'
  [1m[36mUser Load (0.3ms)[0m  [1m[34mSELECT "users".* FROM "users" WHERE "users"."id" = 1 /*action='index',application='HelloApi',controller='posts'*/[0m
  ↳ app/controllers/api/v1/posts_controller.rb:6:in 'Api::V1::PostsController#index'
  [1m[36mCategory Load (0.3ms)[0m  [1m[34mSELECT "categories".* FROM "categories" WHERE "categories"."id" = 1 /*action='index',application='HelloApi',controller='posts'*/[0m
  ↳ app/controllers/api/v1/posts_controller.rb:6:in 'Api::V1::PostsController#index'
Completed 200 OK in 10ms (Views: 8.7ms | ActiveRecord: 1.2ms (3 queries, 0 cached) | GC: 0.0ms)


Started GET "/api/v1/users" for ::1 at 2026-08-25 22:13:17 +0200
Started GET "/api/v1/categories" for ::1 at 2026-08-25 22:13:17 +0200
Started GET "/api/v1/posts" for ::1 at 2026-08-25 22:13:17 +0200
Processing by Api::V1::UsersController#index as HTML
Processing by Api::V1::CategoriesController#index as HTML
  [1m[36mUser Load (2.3ms)[0m  [1m[34mSELECT "users".* FROM "users" /*action='index',application='HelloApi',controller='users'*/[0m
  ↳ app/controllers/api/v1/users_controller.rb:6:in 'Api::V1::UsersController#index'
  [1m[36mCategory Load (1.8ms)[0m  [1m[34mSELECT "categories".* FROM "categories" /*action='index',application='HelloApi',controller='categories'*/[0m
Completed 200 OK in 6ms (Views: 3.0ms | ActiveRecord: 2.3ms (1 query, 0 cached) | GC: 0.0ms)


Processing by Api::V1::PostsController#index as HTML
  ↳ app/controllers/api/v1/categories_controller.rb:6:in 'Api::V1::CategoriesController#index'
Completed 200 OK in 7ms (Views: 4.8ms | ActiveRecord: 1.8ms (1 query, 0 cached) | GC: 0.0ms)


  [1m[36mPost Load (1.0ms)[0m  [1m[34mSELECT "posts".* FROM "posts" /*action='index',application='HelloApi',controller='posts'*/[0m
  ↳ app/controllers/api/v1/posts_controller.rb:6:in 'Api::V1::PostsController#index'
  [1m[36mUser Load (0.3ms)[0m  [1m[34mSELECT "users".* FROM "users" WHERE "users"."id" = 1 /*action='index',application='HelloApi',controller='posts'*/[0m
  ↳ app/controllers/api/v1/posts_controller.rb:6:in 'Api::V1::PostsController#index'
  [1m[36mCategory Load (0.3ms)[0m  [1m[34mSELECT "categories".* FROM "categories" WHERE "categories"."id" = 1 /*action='index',application='HelloApi',controller='posts'*/[0m
  ↳ app/controllers/api/v1/posts_controller.rb:6:in 'Api::V1::PostsController#index'
Completed 200 OK in 7ms (Views: 5.7ms | ActiveRecord: 1.5ms (3 queries, 0 cached) | GC: 0.0ms)


